---
source: src/tui/views/snapshot_tests.rs
expression: "draw(app, width, height).backend()"
---
"  ▄▀▀▄ █▄ ▄█   Webhooker CLI v0.1.0                                             "
"  ▀▄▄▀ █ ▀ █   acme · pro · app.webhooker.eu                                    "
" Sources Dests Conns Events DLQ Stats Relay Settings                            "
"┌ Stats ───────────────────────────────────────────────────────────────────────┐"
"│This section is not available yet.                                            │"
"│                                                                              │"
"│           ┌ Keys ────────────────────────────────────────────────┐           │"
"│           │Global                                                │           │"
"│           │  j/k, arrows     move                                │           │"
"│           │  enter           open                                │           │"
"│           │  esc             back                                │           │"
"│           │  tab             next pane or tab                    │           │"
"│           │  r               refresh now                         │           │"
"│           │  g + letter      jump: s d c e q t r ,               │           │"
"│           │  ?               this help                           │           │"
"│           │  q, ctrl+c       quit                                │           │"
"│           └──────────────────────────────────────────────────────┘           │"
"│                                                                              │"
"│                                                                              │"
"│                                                                              │"
"│                                                                              │"
"│                                                                              │"
"└──────────────────────────────────────────────────────────────────────────────┘"
" ? close help                                                                   "
