---
source: src/tui/views/snapshot_tests.rs
expression: "draw(app, width, height).backend()"
---
"  ▄▀▀▄ █▄ ▄█   Webhooker CLI v0.1.0                                                                                     "
"  ▀▄▄▀ █ ▀ █   acme · pro · app.webhooker.eu                                                                            "
"┌──────────────┐┌ Relay ───────────────────────────────────────────────────────────────────────────────────────────────┐"
"│  Sources     ││No relay running. Press n to start one, or L on a source.                                             │"
"│  Destinations││                                                                                                      │"
"│  Connections ││                                                                                                      │"
"│  Events      ││                                                                                                      │"
"│  DLQ         ││                                                                                                      │"
"│  Stats       ││                                                                                                      │"
"│▸ Relay       ││                                                                                                      │"
"│  Settings    ││                                                                                                      │"
"│              ││                                                                                                      │"
"│              ││                                                                                                      │"
"│              ││                                                                                                      │"
"│              ││                                                                                                      │"
"│              ││                                                                                                      │"
"│              ││                                                                                                      │"
"│              ││                                                                                                      │"
"│              ││                                                                                                      │"
"│              ││                                                                                                      │"
"│              ││                                                                                                      │"
"│              ││                                                                                                      │"
"│              ││                                                                                                      │"
"│              ││                                                                                                      │"
"│              ││                                                                                                      │"
"│              ││                                                                                                      │"
"│              ││                                                                                                      │"
"│              ││                                                                                                      │"
"│              ││                                                                                                      │"
"│              ││                                                                                                      │"
"│              ││                                                                                                      │"
"│              ││                                                                                                      │"
"│              ││                                                                                                      │"
"│              ││                                                                                                      │"
"│              ││                                                                                                      │"
"│              ││                                                                                                      │"
"│              ││                                                                                                      │"
"│              ││                                                                                                      │"
"└──────────────┘└──────────────────────────────────────────────────────────────────────────────────────────────────────┘"
" n new relay · g jump · ? help · q quit                                                                                 "
