---
source: src/tui/views/snapshot_tests.rs
expression: "draw(app, width, height).backend()"
---
"  ▄▀▀▄ █▄ ▄█   Webhooker CLI v0.1.0                                                                                     "
"  ▀▄▄▀ █ ▀ █   acme · pro · app.webhooker.eu                                                                            "
"┌──────────────┐┌ Connections ─────────────────────────────────────────────────────────────────────────────────────────┐"
"│  Sources     ││▸ ●  stripe-prod → billing-worker                                                 filter              │"
"│  Destinations││  ●  stripe-prod → audit-log                                                                          │"
"│▸ Connections ││  ○  github-ci → billing-worker                                                                       │"
"│  Events      ││                                                                                                      │"
"│  DLQ         ││                                                                                                      │"
"│  Stats       ││                                                                                                      │"
"│  Relay       ││                                                                                                      │"
"│  Settings    ││                                                                                                      │"
"│              ││                                                                                                      │"
"│              ││                                                                                                      │"
"│              ││                                                                                                      │"
"│              ││                                                                                                      │"
"│              ││                                                                                                      │"
"│              ││                                                                                                      │"
"│              ││                                                                                                      │"
"│              ││                                                                                                      │"
"│              ││                                                                                                      │"
"│              ││                                                                                                      │"
"│              ││                                                                                                      │"
"│              ││                                                                                                      │"
"│              ││                                                                                                      │"
"│              ││                                                                                                      │"
"│              ││                                                                                                      │"
"│              ││                                                                                                      │"
"│              ││                                                                                                      │"
"│              ││                                                                                                      │"
"│              ││                                                                                                      │"
"│              ││                                                                                                      │"
"│              ││                                                                                                      │"
"│              ││                                                                                                      │"
"│              ││                                                                                                      │"
"│              ││                                                                                                      │"
"│              ││                                                                                                      │"
"│              ││                                                                                                      │"
"│              ││                                                                                                      │"
"└──────────────┘└──────────────────────────────────────────────────────────────────────────────────────────────────────┘"
" enter open · r refresh · ? help · q quit                                                                        3s ago "
