---
source: src/tui/views/snapshot_tests.rs
expression: "draw(&app, 100, 18).backend()"
---
" Webhooker v0.1.0 · acme · pro                                                                      "
"┌──────────────┐┌ Stats ───────────────────────────────────────────────────────────────────────────┐"
"│  Sources     ││This section is not available yet.                                                │"
"│  Destinations││                                                                                  │"
"│  Connections ││                                                                                  │"
"│  Events      ││                                                                                  │"
"│  DLQ         ││                                                                                  │"
"│▸ Stats       ││                                                                                  │"
"│  Relay       ││                                                                                  │"
"│  Settings    ││                                                                                  │"
"│              ││                                                                                  │"
"│              ││                                                                                  │"
"│              ││                                                                                  │"
"│              ││                                                                                  │"
"│              ││                                                                                  │"
"│              ││                                                                                  │"
"└──────────────┘└──────────────────────────────────────────────────────────────────────────────────┘"
" g jump · ? help · q quit                                                                           "
