---
source: src/tui/views/snapshot_tests.rs
expression: "draw(app, width, height).backend()"
---
"  ▄▀▀▄ █▄ ▄█   Webhooker CLI v0.1.0                                             "
"  ▀▄▄▀ █ ▀ █   … · … · app.webhooker.eu                                         "
"                                                                                "
"                                                                                "
"                                                                                "
"                                                                                "
"                                                                                "
"        ┌ Log in ──────────────────────────────────────────────────────┐        "
"        │Paste an API key (whk_…) to connect this terminal.            │        "
"        │                                                              │        "
"        │API key                                                       │        "
"        │Server    https://app.webhooker.eu                            │        "
"        │                                                              │        "
"        │                                                              │        "
"        │                                                              │        "
"        │                                                              │        "
"        └──────────────────────────────────────────────────────────────┘        "
"                                                                                "
"                                                                                "
"                                                                                "
"                                                                                "
"                                                                                "
"                                                                                "
" enter log in · tab next field · ctrl+c quit                                    "
