---
source: src/tui/views/snapshot_tests.rs
expression: "draw(app, width, height).backend()"
---
"  ▄▀▀▄ █▄ ▄█   Webhooker CLI v0.1.0                                             "
"  ▀▄▄▀ █ ▀ █   acme · pro · app.webhooker.eu                                    "
" Sources Dests Conns Events DLQ Stats Relay Settings                            "
"┌ Sources ─────────────────────────────────────────────────────────────────────┐"
"│▸ ●  stripe-prod                       1 204 events  2 conns   verify: stripe │"
"│  ●  github-ci                           318 events  1 conn    verify: github │"
"│  ◐  shopify-old                          12 events  0 conns   paused         │"
"│                                                                              │"
"│                     ┌ Confirm ─────────────────────────┐                     │"
"│                     │Move stripe-prod to the trash?    │                     │"
"│                     │                                  │                     │"
"│                     │Type stripe-prod to confirm:      │                     │"
"│                     │> stripe                          │                     │"
"│                     │                                  │                     │"
"│                     │enter confirm   esc cancel        │                     │"
"│                     └──────────────────────────────────┘                     │"
"│                                                                              │"
"│                                                                              │"
"│                                                                              │"
"│                                                                              │"
"│                                                                              │"
"│                                                                              │"
"└──────────────────────────────────────────────────────────────────────────────┘"
" enter confirm · esc cancel                                              3s ago "
