---
source: src/tui/views/snapshot_tests.rs
expression: "draw(&app, 120, 40).backend()"
---
"  ▄▀▀▄ █▄ ▄█   Webhooker CLI v0.1.0                                                                                     "
"  ▀▄▄▀ █ ▀ █   acme · pro · app.webhooker.eu                                                                            "
"┌──────────────┐┌ evt_8f2a1b ──────────────────────────────────────────────────────────────────────────────────────────┐"
"│  Sources     ││POST evt_8f2a1b · stripe-prod · 2026-09-23 12:04:11                                                   │"
"│  Destinations││✓ verified · application/json · 62 B · expires 2026-10-23 12:04:11                                    │"
"│  Connections ││                                                                                                      │"
"│▸ Events      ││┌ Headers ──────────────────────────────┐┌ Body ─────────────────────────────────────────────────────┐│"
"│  DLQ         │││content-type: application/json         ││Binary body, 4 bytes, shown as hex                         ││"
"│  Stats       │││stripe-signature: t=1726000000,v1=5257a││00000000  ff fe 00 01                                      ││"
"│  Relay       │││user-agent: Stripe/1.0                 ││                                                           ││"
"│  Settings    │││                                       ││                                                           ││"
"│              │││                                       ││                                                           ││"
"│              │││                                       ││                                                           ││"
"│              │││                                       ││                                                           ││"
"│              │││                                       ││                                                           ││"
"│              │││                                       ││                                                           ││"
"│              │││                                       ││                                                           ││"
"│              │││                                       ││                                                           ││"
"│              │││                                       ││                                                           ││"
"│              │││                                       ││                                                           ││"
"│              │││                                       ││                                                           ││"
"│              │││                                       ││                                                           ││"
"│              │││                                       ││                                                           ││"
"│              │││                                       ││                                                           ││"
"│              ││└───────────────────────────────────────┘└───────────────────────────────────────────────────────────┘│"
"│              ││┌ Deliveries ────────────────────────────────────────────────────────────────────────────────────────┐│"
"│              │││  ✓ billing-worker  succeeded  1 attempt                                                            ││"
"│              │││  ✕ audit-log  exhausted  2 attempts                                                                ││"
"│              │││                                                                                                    ││"
"│              │││                                                                                                    ││"
"│              │││                                                                                                    ││"
"│              │││                                                                                                    ││"
"│              │││                                                                                                    ││"
"│              │││                                                                                                    ││"
"│              │││                                                                                                    ││"
"│              │││                                                                                                    ││"
"│              │││                                                                                                    ││"
"│              ││└────────────────────────────────────────────────────────────────────────────────────────────────────┘│"
"└──────────────┘└──────────────────────────────────────────────────────────────────────────────────────────────────────┘"
" tab pane · enter attempts · R replay · / headers · w wrap · esc back                                            3s ago "
