---
source: src/tui/views/snapshot_tests.rs
expression: "draw(app, width, height).backend()"
---
"  ▄▀▀▄ █▄ ▄█   Webhooker CLI v0.1.0                                             "
"  ▀▄▄▀ █ ▀ █   acme · pro · app.webhooker.eu                                    "
" Sources Dests Conns Events DLQ Stats Relay Settings                            "
"┌ stripe-prod ─────────────────────────────────────────────────────────────────┐"
"│1 Overview   2 Live   3 Events   4 Connections   5 DLQ                        │"
"│                                                                              │"
"│Ingest URL    https://app.webhooker.eu/in/6b225n04u5kmyg                      │"
"│Status        ● active                                                        │"
"│Description   Payments from Stripe                                            │"
"│Color         ██ #3b82f6                                                      │"
"│Verification  stripe (secret ***)                                             │"
"│Response      default                                                         │"
"│Created       2026-09-01 10:00:00                                             │"
"│ID            0198c9f0-0000-7000-8000-00000000000a                            │"
"│                                                                              │"
"│                                                                              │"
"│                                                                              │"
"│                                                                              │"
"│                                                                              │"
"│                                                                              │"
"│                                                                              │"
"│                                                                              │"
"└──────────────────────────────────────────────────────────────────────────────┘"
" e edit · y copy · P pause · T rotate · D delete · 1-5 tabs · esc back · 3s ago "
