---
source: src/tui/views/snapshot_tests.rs
expression: "draw(&app, 80, 24).backend()"
---
"  ▄▀▀▄ █▄ ▄█   Webhooker CLI v0.1.0                                             "
"  ▀▄▄▀ █ ▀ █   acme · pro · app.webhooker.eu                                    "
" Sources Dests Conns Events DLQ Stats Relay Settings                            "
"┌ Stats ───────────────────────────────────────────────────────────────────────┐"
"│This section is not available yet.                                            │"
"│                                                                              │"
"│                                                                              │"
"│                                                                              │"
"│                                                                              │"
"│                ┌ Confirm ──────────────────────────────────┐                 │"
"│                │Rotate the ingest token of stripe-prod?    │                 │"
"│                │                                           │                 │"
"│                │y yes   n no                               │                 │"
"│                └───────────────────────────────────────────┘                 │"
"│                                                                              │"
"│                                                                              │"
"│                                                                              │"
"│                                                                              │"
"│                                                                              │"
"│                                                                              │"
"│                                                                              │"
"│                                                                              │"
"└──────────────────────────────────────────────────────────────────────────────┘"
" y confirm · n cancel                                                           "
