---
source: src/tui/views/snapshot_tests.rs
expression: "draw(&ascii_app, 80, 24).backend()"
---
"  |  | |_| |/   Webhooker CLI v0.1.0                                            "
"  |/\| | | |\   acme | pro | app.webhooker.eu                                   "
" Sources Dests Conns Events DLQ Stats Relay Settings                            "
"+ Sources ---------------------------------------------------------------------+"
"|> *  stripe-prod                       1 204 events  2 conns   verify: stripe |"
"|  *  github-ci                           318 events  1 conn    verify: github |"
"|  -  shopify-old                          12 events  0 conns   paused         |"
"|                                                                              |"
"|                                                                              |"
"|                                                                              |"
"|                                                                              |"
"|                                                                              |"
"|                                                                              |"
"|                                                                              |"
"|                                                                              |"
"|                                                                              |"
"|                                                                              |"
"|                                                                              |"
"|                                                                              |"
"|                                                                              |"
"|                                                                              |"
"|                                                                              |"
"+------------------------------------------------------------------------------+"
" enter open | / filter | L relay | r refresh | ? help | q quit           3s ago "
