---
source: src/tui/views/snapshot_tests.rs
expression: "draw(app, width, height).backend()"
---
"  ▄▀▀▄ █▄ ▄█   Webhooker CLI v0.1.0                                             "
"  ▀▄▄▀ █ ▀ █   acme · pro · app.webhooker.eu                                    "
" Sources Dests Conns Events DLQ Stats Relay Settings                            "
"┌ Stats ⠋ ─────────────────────────────────────────────────────────────────────┐"
"│range  24h   7d   30d                                                         │"
"│                                                                              │"
"│                                                                              │"
"│                                                                              │"
"│                                                                              │"
"│                                                                              │"
"│                                                                              │"
"│                                                                              │"
"│                                                                              │"
"│                                                                              │"
"│                                                                              │"
"│                                                                              │"
"│                                                                              │"
"│                                                                              │"
"│                                                                              │"
"│                                                                              │"
"│                                                                              │"
"│                                                                              │"
"└──────────────────────────────────────────────────────────────────────────────┘"
" h/l range · 1-3 24h 7d 30d · r refresh · ? help · q quit                       "
